###############################################################################
#
# IAR ELF Linker V7.30.1.7746/W32 for ARM                 13/Mar/2015  16:45:31
# Copyright 2007-2014 IAR Systems AB.
#
#    Output file  =  
#        C:\SVN\STM32Cube_FW_L0\Trunk\Firmware\Projects\STM32L053R8-Nucleo\Examples\GPIO\GPIO_IOToggle\EWARM\STM32L053R8_NUCLEO\Exe\Project.out
#    Map file     =  
#        C:\SVN\STM32Cube_FW_L0\Trunk\Firmware\Projects\STM32L053R8-Nucleo\Examples\GPIO\GPIO_IOToggle\EWARM\STM32L053R8_NUCLEO\List\Project.map
#    Command line =  
#        C:\SVN\STM32Cube_FW_L0\Trunk\Firmware\Projects\STM32L053R8-Nucleo\Examples\GPIO\GPIO_IOToggle\EWARM\STM32L053R8_NUCLEO\Obj\main.o
#        C:\SVN\STM32Cube_FW_L0\Trunk\Firmware\Projects\STM32L053R8-Nucleo\Examples\GPIO\GPIO_IOToggle\EWARM\STM32L053R8_NUCLEO\Obj\startup_stm32l053xx.o
#        C:\SVN\STM32Cube_FW_L0\Trunk\Firmware\Projects\STM32L053R8-Nucleo\Examples\GPIO\GPIO_IOToggle\EWARM\STM32L053R8_NUCLEO\Obj\stm32l0xx_hal.o
#        C:\SVN\STM32Cube_FW_L0\Trunk\Firmware\Projects\STM32L053R8-Nucleo\Examples\GPIO\GPIO_IOToggle\EWARM\STM32L053R8_NUCLEO\Obj\stm32l0xx_hal_adc.o
#        C:\SVN\STM32Cube_FW_L0\Trunk\Firmware\Projects\STM32L053R8-Nucleo\Examples\GPIO\GPIO_IOToggle\EWARM\STM32L053R8_NUCLEO\Obj\stm32l0xx_hal_adc_ex.o
#        C:\SVN\STM32Cube_FW_L0\Trunk\Firmware\Projects\STM32L053R8-Nucleo\Examples\GPIO\GPIO_IOToggle\EWARM\STM32L053R8_NUCLEO\Obj\stm32l0xx_hal_cortex.o
#        C:\SVN\STM32Cube_FW_L0\Trunk\Firmware\Projects\STM32L053R8-Nucleo\Examples\GPIO\GPIO_IOToggle\EWARM\STM32L053R8_NUCLEO\Obj\stm32l0xx_hal_dma.o
#        C:\SVN\STM32Cube_FW_L0\Trunk\Firmware\Projects\STM32L053R8-Nucleo\Examples\GPIO\GPIO_IOToggle\EWARM\STM32L053R8_NUCLEO\Obj\stm32l0xx_hal_flash.o
#        C:\SVN\STM32Cube_FW_L0\Trunk\Firmware\Projects\STM32L053R8-Nucleo\Examples\GPIO\GPIO_IOToggle\EWARM\STM32L053R8_NUCLEO\Obj\stm32l0xx_hal_flash_ex.o
#        C:\SVN\STM32Cube_FW_L0\Trunk\Firmware\Projects\STM32L053R8-Nucleo\Examples\GPIO\GPIO_IOToggle\EWARM\STM32L053R8_NUCLEO\Obj\stm32l0xx_hal_gpio.o
#        C:\SVN\STM32Cube_FW_L0\Trunk\Firmware\Projects\STM32L053R8-Nucleo\Examples\GPIO\GPIO_IOToggle\EWARM\STM32L053R8_NUCLEO\Obj\stm32l0xx_hal_pwr.o
#        C:\SVN\STM32Cube_FW_L0\Trunk\Firmware\Projects\STM32L053R8-Nucleo\Examples\GPIO\GPIO_IOToggle\EWARM\STM32L053R8_NUCLEO\Obj\stm32l0xx_hal_pwr_ex.o
#        C:\SVN\STM32Cube_FW_L0\Trunk\Firmware\Projects\STM32L053R8-Nucleo\Examples\GPIO\GPIO_IOToggle\EWARM\STM32L053R8_NUCLEO\Obj\stm32l0xx_hal_rcc.o
#        C:\SVN\STM32Cube_FW_L0\Trunk\Firmware\Projects\STM32L053R8-Nucleo\Examples\GPIO\GPIO_IOToggle\EWARM\STM32L053R8_NUCLEO\Obj\stm32l0xx_hal_rcc_ex.o
#        C:\SVN\STM32Cube_FW_L0\Trunk\Firmware\Projects\STM32L053R8-Nucleo\Examples\GPIO\GPIO_IOToggle\EWARM\STM32L053R8_NUCLEO\Obj\stm32l0xx_hal_spi.o
#        C:\SVN\STM32Cube_FW_L0\Trunk\Firmware\Projects\STM32L053R8-Nucleo\Examples\GPIO\GPIO_IOToggle\EWARM\STM32L053R8_NUCLEO\Obj\stm32l0xx_it.o
#        C:\SVN\STM32Cube_FW_L0\Trunk\Firmware\Projects\STM32L053R8-Nucleo\Examples\GPIO\GPIO_IOToggle\EWARM\STM32L053R8_NUCLEO\Obj\stm32l0xx_nucleo.o
#        C:\SVN\STM32Cube_FW_L0\Trunk\Firmware\Projects\STM32L053R8-Nucleo\Examples\GPIO\GPIO_IOToggle\EWARM\STM32L053R8_NUCLEO\Obj\system_stm32l0xx.o
#        --redirect _Printf=_PrintfSmall --redirect _Scanf=_ScanfSmall -o
#        C:\SVN\STM32Cube_FW_L0\Trunk\Firmware\Projects\STM32L053R8-Nucleo\Examples\GPIO\GPIO_IOToggle\EWARM\STM32L053R8_NUCLEO\Exe\Project.out
#        --map
#        C:\SVN\STM32Cube_FW_L0\Trunk\Firmware\Projects\STM32L053R8-Nucleo\Examples\GPIO\GPIO_IOToggle\EWARM\STM32L053R8_NUCLEO\List\Project.map
#        --config
#        C:\SVN\STM32Cube_FW_L0\Trunk\Firmware\Projects\STM32L053R8-Nucleo\Examples\GPIO\GPIO_IOToggle\EWARM\stm32l053xx_flash.icf
#        --semihosting --entry __iar_program_start --vfe
#
###############################################################################

*******************************************************************************
*** RUNTIME MODEL ATTRIBUTES
***

CppFlavor       = *
__SystemLibrary = DLib


*******************************************************************************
*** PLACEMENT SUMMARY
***

"A1":  place at 0x08000000 { ro section .intvec };
"P1":  place in [from 0x08000000 to 0x0800ffff] { ro };
"P2":  place in [from 0x20000000 to 0x20001fff] { rw, block CSTACK, block HEAP };

  Section            Kind        Address   Size  Object
  -------            ----        -------   ----  ------
"A1":                                      0xc0
  .intvec            ro code  0x08000000   0xc0  startup_stm32l053xx.o [1]
                            - 0x080000c0   0xc0

"P1":                                     0xc68
  .text              ro code  0x080000c0  0x6c4  stm32l0xx_hal_rcc.o [1]
  .text              ro code  0x08000784   0x78  stm32l0xx_hal.o [1]
  .text              ro code  0x080007fc   0xae  I32DivModFast.o [4]
  .text              ro code  0x080008aa   0x2a  zero_init3.o [4]
  .text              ro code  0x080008d4   0x70  stm32l0xx_hal_cortex.o [1]
  .text              ro code  0x08000944    0x2  IntDivZer.o [4]
  .text              ro code  0x08000946    0x2  startup_stm32l053xx.o [1]
  .text              ro code  0x08000948  0x190  stm32l0xx_hal_gpio.o [1]
  .text              ro code  0x08000ad8   0x98  main.o [1]
  .text              ro code  0x08000b70   0x58  system_stm32l0xx.o [1]
  .text              ro code  0x08000bc8   0x30  copy_init3.o [4]
  .text              ro code  0x08000bf8   0x28  data_init.o [4]
  .iar.init_table    const    0x08000c20   0x24  - Linker created -
  .text              ro code  0x08000c44   0x1a  cmain.o [4]
  .text              ro code  0x08000c5e    0x4  low_level_init.o [3]
  .text              ro code  0x08000c62    0x8  exit.o [3]
  .text              ro code  0x08000c6a    0x2  startup_stm32l053xx.o [1]
  .text              ro code  0x08000c6c    0xa  cexit.o [4]
  .text              ro code  0x08000c76    0x2  startup_stm32l053xx.o [1]
  .text              ro code  0x08000c78   0x14  exit.o [5]
  .text              ro code  0x08000c8c   0x12  stm32l0xx_it.o [1]
  .text              ro code  0x08000c9e    0x2  startup_stm32l053xx.o [1]
  .text              ro code  0x08000ca0   0x10  startup_stm32l053xx.o [1]
  .text              ro code  0x08000cb0    0xc  cstartup_M.o [4]
  .text              ro code  0x08000cbc    0x2  startup_stm32l053xx.o [1]
  .text              ro code  0x08000cbe    0x2  startup_stm32l053xx.o [1]
  .text              ro code  0x08000cc0    0x2  startup_stm32l053xx.o [1]
  .text              ro code  0x08000cc2    0x2  startup_stm32l053xx.o [1]
  .text              ro code  0x08000cc4    0x2  startup_stm32l053xx.o [1]
  .text              ro code  0x08000cc6    0x2  startup_stm32l053xx.o [1]
  .text              ro code  0x08000cc8    0x2  startup_stm32l053xx.o [1]
  .text              ro code  0x08000cca    0x2  startup_stm32l053xx.o [1]
  .text              ro code  0x08000ccc    0x2  startup_stm32l053xx.o [1]
  .text              ro code  0x08000cce    0x2  startup_stm32l053xx.o [1]
  .text              ro code  0x08000cd0    0x2  startup_stm32l053xx.o [1]
  .text              ro code  0x08000cd2    0x2  startup_stm32l053xx.o [1]
  .text              ro code  0x08000cd4    0x2  startup_stm32l053xx.o [1]
  .text              ro code  0x08000cd6    0x2  startup_stm32l053xx.o [1]
  .text              ro code  0x08000cd8    0x2  startup_stm32l053xx.o [1]
  .text              ro code  0x08000cda    0x2  startup_stm32l053xx.o [1]
  .text              ro code  0x08000cdc    0x2  startup_stm32l053xx.o [1]
  .text              ro code  0x08000cde    0x2  startup_stm32l053xx.o [1]
  .text              ro code  0x08000ce0    0x2  startup_stm32l053xx.o [1]
  .text              ro code  0x08000ce2    0x2  startup_stm32l053xx.o [1]
  .text              ro code  0x08000ce4    0x2  startup_stm32l053xx.o [1]
  .text              ro code  0x08000ce6    0x2  startup_stm32l053xx.o [1]
  .text              ro code  0x08000ce8    0x2  startup_stm32l053xx.o [1]
  .rodata            const    0x08000cea    0x0  zero_init3.o [4]
  .rodata            const    0x08000cea    0x0  copy_init3.o [4]
  Initializer bytes  ro data  0x08000cec   0x3c  <for P2 s0>
                            - 0x08000d28  0xc68

"P2":                                     0x458
  P2 s0                       0x20000000   0x3c  <Init block>
    .data            inited   0x20000000   0x20  system_stm32l0xx.o [1]
    .data            inited   0x20000020   0x10  stm32l0xx_hal_rcc.o [1]
    .data            inited   0x20000030    0xc  stm32l0xx_hal_rcc.o [1]
  .bss               zero     0x2000003c   0x14  main.o [1]
  .bss               zero     0x20000050    0x4  stm32l0xx_hal.o [1]
  CSTACK                      0x20000058  0x400  <Block>
    CSTACK           uninit   0x20000058  0x400  <Block tail>
                            - 0x20000458  0x458


*******************************************************************************
*** INIT TABLE
***

          Address     Size
          -------     ----
Zero (__iar_zero_init3)
    1 destination range, total size 0x18:
          0x2000003c  0x18

Copy (__iar_copy_init3)
    1 source range, total size 0x3c:
          0x08000cec  0x3c
    1 destination range, total size 0x3c:
          0x20000000  0x3c



*******************************************************************************
*** MODULE SUMMARY
***

    Module                  ro code  ro data  rw data
    ------                  -------  -------  -------
C:\SVN\STM32Cube_FW_L0\Trunk\Firmware\Projects\STM32L053R8-Nucleo\Examples\GPIO\GPIO_IOToggle\EWARM\STM32L053R8_NUCLEO\Obj: [1]
    main.o                      152                20
    startup_stm32l053xx.o       262
    stm32l0xx_hal.o             120                 4
    stm32l0xx_hal_cortex.o      112
    stm32l0xx_hal_gpio.o        400
    stm32l0xx_hal_rcc.o       1 732       28       28
    stm32l0xx_it.o               18
    system_stm32l0xx.o           88       32       32
    -------------------------------------------------
    Total:                    2 884       60       84

command line: [2]
    -------------------------------------------------
    Total:

dl6M_tlf.a: [3]
    exit.o                        8
    low_level_init.o              4
    -------------------------------------------------
    Total:                       12

rt6M_tl.a: [4]
    I32DivModFast.o             174
    IntDivZer.o                   2
    cexit.o                      10
    cmain.o                      26
    copy_init3.o                 48
    cstartup_M.o                 12
    data_init.o                  40
    zero_init3.o                 42
    -------------------------------------------------
    Total:                      354

shb_l.a: [5]
    exit.o                       20
    -------------------------------------------------
    Total:                       20

    Linker created                        38    1 024
-----------------------------------------------------
    Grand Total:              3 270       98    1 108


*******************************************************************************
*** ENTRY LIST
***

Entry                    Address   Size  Type      Object
-----                    -------   ----  ----      ------
?main                 0x08000c45         Code  Gb  cmain.o [4]
AHBPrescTable         0x20000000   0x10  Data  Gb  system_stm32l0xx.o [1]
APBAHBPrescTable      0x20000020   0x10  Data  Lc  stm32l0xx_hal_rcc.o [1]
CSTACK$$Base          0x20000058          --   Gb  - Linker created -
CSTACK$$Limit         0x20000458          --   Gb  - Linker created -
DebugMon_Handler      0x08000c93    0x2  Code  Gb  stm32l0xx_it.o [1]
GPIO_InitStruct       0x2000003c   0x14  Data  Lc  main.o [1]
HAL_Delay             0x080007dd   0x18  Code  Wk  stm32l0xx_hal.o [1]
HAL_GPIO_Init         0x08000949  0x16c  Code  Gb  stm32l0xx_hal_gpio.o [1]
HAL_GPIO_TogglePin    0x08000ab5    0x8  Code  Gb  stm32l0xx_hal_gpio.o [1]
HAL_GetTick           0x080007d7    0x6  Code  Wk  stm32l0xx_hal.o [1]
HAL_IncTick           0x080007cd    0xa  Code  Wk  stm32l0xx_hal.o [1]
HAL_Init              0x08000785   0x22  Code  Gb  stm32l0xx_hal.o [1]
HAL_InitTick          0x080007a9   0x24  Code  Wk  stm32l0xx_hal.o [1]
HAL_MspInit           0x080007a7    0x2  Code  Wk  stm32l0xx_hal.o [1]
HAL_NVIC_SetPriority  0x08000907    0x8  Code  Gb  stm32l0xx_hal_cortex.o [1]
HAL_RCC_ClockConfig   0x080004d5  0x1ec  Code  Gb  stm32l0xx_hal_rcc.o [1]
HAL_RCC_GetHCLKFreq   0x08000749   0x1a  Code  Gb  stm32l0xx_hal_rcc.o [1]
HAL_RCC_GetSysClockFreq
                      0x080006d1   0x74  Code  Gb  stm32l0xx_hal_rcc.o [1]
HAL_RCC_OscConfig     0x080000c1  0x3fc  Code  Gb  stm32l0xx_hal_rcc.o [1]
HAL_SYSTICK_Config    0x0800090f   0x28  Code  Gb  stm32l0xx_hal_cortex.o [1]
HardFault_Handler     0x08000c8f    0x2  Code  Gb  stm32l0xx_it.o [1]
NMI_Handler           0x08000c8d    0x2  Code  Gb  stm32l0xx_it.o [1]
NVIC_SetPriority      0x080008d5   0x32  Code  Lc  stm32l0xx_hal_cortex.o [1]
PLLMulTable           0x20000030    0xc  Data  Lc  stm32l0xx_hal_rcc.o [1]
PLLMulTable           0x20000010    0xc  Data  Gb  system_stm32l0xx.o [1]
PendSV_Handler        0x08000c95    0x2  Code  Gb  stm32l0xx_it.o [1]
Region$$Table$$Base   0x08000c20          --   Gb  - Linker created -
Region$$Table$$Limit  0x08000c44          --   Gb  - Linker created -
SVC_Handler           0x08000c91    0x2  Code  Gb  stm32l0xx_it.o [1]
SysTick_Handler       0x08000c97    0x8  Code  Gb  stm32l0xx_it.o [1]
SystemCoreClock       0x2000001c    0x4  Data  Gb  system_stm32l0xx.o [1]
SystemInit            0x08000b71   0x40  Code  Gb  system_stm32l0xx.o [1]
__aeabi_idiv0         0x08000945         Code  Gb  IntDivZer.o [4]
__aeabi_uidiv         0x080007fd         Code  Gb  I32DivModFast.o [4]
__aeabi_uidivmod      0x080007fd         Code  Gb  I32DivModFast.o [4]
__cmain               0x08000c45         Code  Gb  cmain.o [4]
__exit                0x08000c79   0x14  Code  Gb  exit.o [5]
__iar_copy_init3      0x08000bc9   0x30  Code  Gb  copy_init3.o [4]
__iar_data_init3      0x08000bf9   0x28  Code  Gb  data_init.o [4]
__iar_program_start   0x08000cb1         Code  Gb  cstartup_M.o [4]
__iar_zero_init3      0x080008ab   0x2a  Code  Gb  zero_init3.o [4]
__low_level_init      0x08000c5f    0x4  Code  Gb  low_level_init.o [3]
__vector_table        0x08000000         Data  Gb  startup_stm32l053xx.o [1]
_call_main            0x08000c51         Code  Gb  cmain.o [4]
_exit                 0x08000c6d         Code  Gb  cexit.o [4]
_main                 0x08000c5b         Code  Gb  cmain.o [4]
exit                  0x08000c63    0x8  Code  Gb  exit.o [3]
main                  0x08000ad9   0x98  Code  Gb  main.o [1]
uwTick                0x20000050    0x4  Data  Lc  stm32l0xx_hal.o [1]


[1] = C:\SVN\STM32Cube_FW_L0\Trunk\Firmware\Projects\STM32L053R8-Nucleo\Examples\GPIO\GPIO_IOToggle\EWARM\STM32L053R8_NUCLEO\Obj
[2] = command line
[3] = dl6M_tlf.a
[4] = rt6M_tl.a
[5] = shb_l.a

  3 270 bytes of readonly  code memory
     98 bytes of readonly  data memory
  1 108 bytes of readwrite data memory

Errors: none
Warnings: none
